// Jest Snapshot v1, https://goo.gl/fbAQLP

exports[`Header Matches snapshot 1`] = `
<DocumentFragment>
  <div
    class="container-0-2-1 fixed-0-2-2 show-0-2-4"
  >
    <div
      class="nav-0-2-7 white-0-2-11"
    >
      <div
        class="conFluid-0-2-22 grid-0-2-8"
      >
        <div
          class="flex-0-2-24 jbetween-0-2-36 acenter-0-2-41 tab-0-2-9"
        >
          <div
            class="flex-0-2-24 acenter-0-2-41 left-0-2-12"
          >
            <div>
              <p
                class="text-0-2-56 headline-0-2-58 highEmphasis-0-2-77"
              >
                <a
                  href="/"
                  style="text-decoration: none;"
                >
                  🍬
                </a>
              </p>
            </div>
          </div>
          <div
            class=""
            style="flex: 1;"
          />
          <div
            class="flex-0-2-24 acenter-0-2-41 right-0-2-13"
          >
            <a
              class="link-0-2-97 navItem-0-2-16"
              href="https://github.com/occmundial/atomic-icons"
            >
              <span
                class="text-0-2-56 standard-0-2-63 highEmphasis-0-2-77 text-0-2-98"
              >
                Github
              </span>
            </a>
          </div>
        </div>
      </div>
    </div>
  </div>
</DocumentFragment>
`;
